Archive member included because of file (symbol)

c:/imt_sdk_win_64/winavr/bin/../lib/gcc/avr/4.3.3/avr5\libgcc.a(_udivmodqi4.o)
                              ./APP/main.o (__udivmodqi4)
c:/imt_sdk_win_64/winavr/bin/../lib/gcc/avr/4.3.3/avr5\libgcc.a(_udivmodsi4.o)
                              ./HAL/LCD/LCD_Program.o (__udivmodsi4)
c:/imt_sdk_win_64/winavr/bin/../lib/gcc/avr/4.3.3/avr5\libgcc.a(_exit.o)
                              c:/imt_sdk_win_64/winavr/bin/../lib/gcc/avr/4.3.3/../../../../avr/lib/avr5/crtm32.o (exit)
c:/imt_sdk_win_64/winavr/bin/../lib/gcc/avr/4.3.3/avr5\libgcc.a(_copy_data.o)
                              ./HAL/SSD/SSD_Config.o (__do_copy_data)
c:/imt_sdk_win_64/winavr/bin/../lib/gcc/avr/4.3.3/avr5\libgcc.a(_clear_bss.o)
                              ./MCAL/Timer2/TIMER2_Program.o (__do_clear_bss)
c:/imt_sdk_win_64/winavr/bin/../lib/gcc/avr/4.3.3/avr5\libgcc.a(_fixunssfsi.o)
                              ./HAL/LCD/LCD_Program.o (__fixunssfsi)
c:/imt_sdk_win_64/winavr/bin/../lib/gcc/avr/4.3.3/avr5\libgcc.a(_addsub_sf.o)
                              c:/imt_sdk_win_64/winavr/bin/../lib/gcc/avr/4.3.3/avr5\libgcc.a(_fixunssfsi.o) (__subsf3)
c:/imt_sdk_win_64/winavr/bin/../lib/gcc/avr/4.3.3/avr5\libgcc.a(_mul_sf.o)
                              ./HAL/LCD/LCD_Program.o (__mulsf3)
c:/imt_sdk_win_64/winavr/bin/../lib/gcc/avr/4.3.3/avr5\libgcc.a(_gt_sf.o)
                              ./HAL/LCD/LCD_Program.o (__gtsf2)
c:/imt_sdk_win_64/winavr/bin/../lib/gcc/avr/4.3.3/avr5\libgcc.a(_ge_sf.o)
                              c:/imt_sdk_win_64/winavr/bin/../lib/gcc/avr/4.3.3/avr5\libgcc.a(_fixunssfsi.o) (__gesf2)
c:/imt_sdk_win_64/winavr/bin/../lib/gcc/avr/4.3.3/avr5\libgcc.a(_lt_sf.o)
                              ./HAL/LCD/LCD_Program.o (__ltsf2)
c:/imt_sdk_win_64/winavr/bin/../lib/gcc/avr/4.3.3/avr5\libgcc.a(_sf_to_si.o)
                              c:/imt_sdk_win_64/winavr/bin/../lib/gcc/avr/4.3.3/avr5\libgcc.a(_fixunssfsi.o) (__fixsfsi)
c:/imt_sdk_win_64/winavr/bin/../lib/gcc/avr/4.3.3/avr5\libgcc.a(_thenan_sf.o)
                              c:/imt_sdk_win_64/winavr/bin/../lib/gcc/avr/4.3.3/avr5\libgcc.a(_addsub_sf.o) (__thenan_sf)
c:/imt_sdk_win_64/winavr/bin/../lib/gcc/avr/4.3.3/avr5\libgcc.a(_prologue.o)
                              c:/imt_sdk_win_64/winavr/bin/../lib/gcc/avr/4.3.3/avr5\libgcc.a(_addsub_sf.o) (__prologue_saves__)
c:/imt_sdk_win_64/winavr/bin/../lib/gcc/avr/4.3.3/avr5\libgcc.a(_epilogue.o)
                              c:/imt_sdk_win_64/winavr/bin/../lib/gcc/avr/4.3.3/avr5\libgcc.a(_addsub_sf.o) (__epilogue_restores__)
c:/imt_sdk_win_64/winavr/bin/../lib/gcc/avr/4.3.3/avr5\libgcc.a(_pack_sf.o)
                              c:/imt_sdk_win_64/winavr/bin/../lib/gcc/avr/4.3.3/avr5\libgcc.a(_addsub_sf.o) (__pack_f)
c:/imt_sdk_win_64/winavr/bin/../lib/gcc/avr/4.3.3/avr5\libgcc.a(_unpack_sf.o)
                              c:/imt_sdk_win_64/winavr/bin/../lib/gcc/avr/4.3.3/avr5\libgcc.a(_addsub_sf.o) (__unpack_f)
c:/imt_sdk_win_64/winavr/bin/../lib/gcc/avr/4.3.3/avr5\libgcc.a(_fpcmp_parts_sf.o)
                              c:/imt_sdk_win_64/winavr/bin/../lib/gcc/avr/4.3.3/avr5\libgcc.a(_gt_sf.o) (__fpcmp_parts_f)

Allocating common symbols
Common symbol       size              file

EXTINT0_pfCall      0x2               ./MCAL/EXTINT0/EXTINT0_Program.o
TIM0_pfOVFCallBack  0x2               ./MCAL/TIMER0/TIMER0_Program.o
TIM1_pfCmpBCallBack
                    0x2               ./MCAL/TIMER1/TIMER1_Program.o
TIM2_pfCompareCallBack
                    0x2               ./MCAL/Timer2/TIMER2_Program.o
TIM1_pfIcuCallBack  0x2               ./MCAL/TIMER1/TIMER1_Program.o
TIM2_pfOVFCallBack  0x2               ./MCAL/Timer2/TIMER2_Program.o
TIM1_pfOvfCallBack  0x2               ./MCAL/TIMER1/TIMER1_Program.o
TIM0_pfCompareCallBack
                    0x2               ./MCAL/TIMER0/TIMER0_Program.o
TIM1_pfCmpACallBack
                    0x2               ./MCAL/TIMER1/TIMER1_Program.o
ADC_u16ReadValue    0x2               ./MCAL/ADC/ADC_Program.o

Memory Configuration

Name             Origin             Length             Attributes
text             0x00000000         0x00020000         xr
data             0x00800060         0x0000ffa0         rw !x
eeprom           0x00810000         0x00010000         rw !x
fuse             0x00820000         0x00000400         rw !x
lock             0x00830000         0x00000400         rw !x
signature        0x00840000         0x00000400         rw !x
*default*        0x00000000         0xffffffff

Linker script and memory map

LOAD c:/imt_sdk_win_64/winavr/bin/../lib/gcc/avr/4.3.3/../../../../avr/lib/avr5/crtm32.o
LOAD ./MCAL/WDT/WDT_Program.o
LOAD ./MCAL/USART/USART_Program.o
LOAD ./MCAL/Timer2/TIMER2_Program.o
LOAD ./MCAL/TIMER1/TIMER1_Program.o
LOAD ./MCAL/TIMER0/TIMER0_Program.o
LOAD ./MCAL/SPI/SPI_program.o
LOAD ./MCAL/GIE/GIE_Program.o
LOAD ./MCAL/EXTINT0/EXTINT0_Program.o
LOAD ./MCAL/DIO/DIO_Program.o
LOAD ./MCAL/ADC/ADC_Program.o
LOAD ./HAL/SSD/SSD_Config.o
LOAD ./HAL/SSD/SSD_Program.o
LOAD ./HAL/LCD/LCD_Config.o
LOAD ./HAL/LCD/LCD_Program.o
LOAD ./HAL/Keypad/Keypad_Program.o
LOAD ./HAL/DCM/DC_Motor_Program.o
LOAD ./APP/main.o
LOAD c:/imt_sdk_win_64/winavr/bin/../lib/gcc/avr/4.3.3/avr5\libgcc.a
LOAD c:/imt_sdk_win_64/winavr/bin/../lib/gcc/avr/4.3.3/../../../../avr/lib/avr5\libc.a
LOAD c:/imt_sdk_win_64/winavr/bin/../lib/gcc/avr/4.3.3/avr5\libgcc.a

.hash
 *(.hash)

.dynsym
 *(.dynsym)

.dynstr
 *(.dynstr)

.gnu.version
 *(.gnu.version)

.gnu.version_d
 *(.gnu.version_d)

.gnu.version_r
 *(.gnu.version_r)

.rel.init
 *(.rel.init)

.rela.init
 *(.rela.init)

.rel.text
 *(.rel.text)
 *(.rel.text.*)
 *(.rel.gnu.linkonce.t*)

.rela.text
 *(.rela.text)
 *(.rela.text.*)
 *(.rela.gnu.linkonce.t*)

.rel.fini
 *(.rel.fini)

.rela.fini
 *(.rela.fini)

.rel.rodata
 *(.rel.rodata)
 *(.rel.rodata.*)
 *(.rel.gnu.linkonce.r*)

.rela.rodata
 *(.rela.rodata)
 *(.rela.rodata.*)
 *(.rela.gnu.linkonce.r*)

.rel.data
 *(.rel.data)
 *(.rel.data.*)
 *(.rel.gnu.linkonce.d*)

.rela.data
 *(.rela.data)
 *(.rela.data.*)
 *(.rela.gnu.linkonce.d*)

.rel.ctors
 *(.rel.ctors)

.rela.ctors
 *(.rela.ctors)

.rel.dtors
 *(.rel.dtors)

.rela.dtors
 *(.rela.dtors)

.rel.got
 *(.rel.got)

.rela.got
 *(.rela.got)

.rel.bss
 *(.rel.bss)

.rela.bss
 *(.rela.bss)

.rel.plt
 *(.rel.plt)

.rela.plt
 *(.rela.plt)

.text           0x00000000     0x55a8
 *(.vectors)
 .vectors       0x00000000       0x54 c:/imt_sdk_win_64/winavr/bin/../lib/gcc/avr/4.3.3/../../../../avr/lib/avr5/crtm32.o
                0x00000000                __vectors
                0x00000000                __vector_default
 *(.vectors)
 *(.progmem.gcc*)
 *(.progmem*)
                0x00000054                . = ALIGN (0x2)
                0x00000054                __trampolines_start = .
 *(.trampolines)
 .trampolines   0x00000054        0x0 linker stubs
 *(.trampolines*)
                0x00000054                __trampolines_end = .
 *(.jumptables)
 *(.jumptables*)
 *(.lowtext)
 *(.lowtext*)
                0x00000054                __ctors_start = .
 *(.ctors)
                0x00000054                __ctors_end = .
                0x00000054                __dtors_start = .
 *(.dtors)
                0x00000054                __dtors_end = .
 SORT(*)(.ctors)
 SORT(*)(.dtors)
 *(.init0)
 .init0         0x00000054        0x0 c:/imt_sdk_win_64/winavr/bin/../lib/gcc/avr/4.3.3/../../../../avr/lib/avr5/crtm32.o
                0x00000054                __init
 *(.init0)
 *(.init1)
 *(.init1)
 *(.init2)
 .init2         0x00000054        0xc c:/imt_sdk_win_64/winavr/bin/../lib/gcc/avr/4.3.3/../../../../avr/lib/avr5/crtm32.o
 *(.init2)
 *(.init3)
 *(.init3)
 *(.init4)
 .init4         0x00000060       0x16 c:/imt_sdk_win_64/winavr/bin/../lib/gcc/avr/4.3.3/avr5\libgcc.a(_copy_data.o)
                0x00000060                __do_copy_data
 .init4         0x00000076       0x10 c:/imt_sdk_win_64/winavr/bin/../lib/gcc/avr/4.3.3/avr5\libgcc.a(_clear_bss.o)
                0x00000076                __do_clear_bss
 *(.init4)
 *(.init5)
 *(.init5)
 *(.init6)
 *(.init6)
 *(.init7)
 *(.init7)
 *(.init8)
 *(.init8)
 *(.init9)
 .init9         0x00000086        0x8 c:/imt_sdk_win_64/winavr/bin/../lib/gcc/avr/4.3.3/../../../../avr/lib/avr5/crtm32.o
 *(.init9)
 *(.text)
 .text          0x0000008e        0x4 c:/imt_sdk_win_64/winavr/bin/../lib/gcc/avr/4.3.3/../../../../avr/lib/avr5/crtm32.o
                0x0000008e                __vector_12
                0x0000008e                __bad_interrupt
                0x0000008e                __vector_3
                0x0000008e                __vector_13
                0x0000008e                __vector_17
                0x0000008e                __vector_19
                0x0000008e                __vector_2
                0x0000008e                __vector_15
                0x0000008e                __vector_14
                0x0000008e                __vector_18
                0x0000008e                __vector_20
 .text          0x00000092        0x0 ./MCAL/WDT/WDT_Program.o
 .text          0x00000092        0x0 ./MCAL/USART/USART_Program.o
 .text          0x00000092        0x0 ./MCAL/Timer2/TIMER2_Program.o
 .text          0x00000092        0x0 ./MCAL/TIMER1/TIMER1_Program.o
 .text          0x00000092        0x0 ./MCAL/TIMER0/TIMER0_Program.o
 .text          0x00000092        0x0 ./MCAL/SPI/SPI_program.o
 .text          0x00000092        0x0 ./MCAL/GIE/GIE_Program.o
 .text          0x00000092        0x0 ./MCAL/EXTINT0/EXTINT0_Program.o
 .text          0x00000092        0x0 ./MCAL/DIO/DIO_Program.o
 .text          0x00000092        0x0 ./MCAL/ADC/ADC_Program.o
 .text          0x00000092        0x0 ./HAL/SSD/SSD_Config.o
 .text          0x00000092        0x0 ./HAL/SSD/SSD_Program.o
 .text          0x00000092        0x0 ./HAL/LCD/LCD_Config.o
 .text          0x00000092        0x0 ./HAL/LCD/LCD_Program.o
 .text          0x00000092        0x0 ./HAL/Keypad/Keypad_Program.o
 .text          0x00000092        0x0 ./HAL/DCM/DC_Motor_Program.o
 .text          0x00000092        0x0 ./APP/main.o
 .text          0x00000092        0x0 c:/imt_sdk_win_64/winavr/bin/../lib/gcc/avr/4.3.3/avr5\libgcc.a(_udivmodqi4.o)
 .text          0x00000092        0x0 c:/imt_sdk_win_64/winavr/bin/../lib/gcc/avr/4.3.3/avr5\libgcc.a(_udivmodsi4.o)
 .text          0x00000092        0x0 c:/imt_sdk_win_64/winavr/bin/../lib/gcc/avr/4.3.3/avr5\libgcc.a(_exit.o)
 .text          0x00000092        0x0 c:/imt_sdk_win_64/winavr/bin/../lib/gcc/avr/4.3.3/avr5\libgcc.a(_copy_data.o)
 .text          0x00000092        0x0 c:/imt_sdk_win_64/winavr/bin/../lib/gcc/avr/4.3.3/avr5\libgcc.a(_clear_bss.o)
 .text          0x00000092       0x58 c:/imt_sdk_win_64/winavr/bin/../lib/gcc/avr/4.3.3/avr5\libgcc.a(_fixunssfsi.o)
                0x00000092                __fixunssfsi
 .text          0x000000ea      0x354 c:/imt_sdk_win_64/winavr/bin/../lib/gcc/avr/4.3.3/avr5\libgcc.a(_addsub_sf.o)
                0x00000382                __subsf3
                0x000003e4                __addsf3
 .text          0x0000043e      0x1f4 c:/imt_sdk_win_64/winavr/bin/../lib/gcc/avr/4.3.3/avr5\libgcc.a(_mul_sf.o)
                0x0000043e                __mulsf3
 .text          0x00000632       0x60 c:/imt_sdk_win_64/winavr/bin/../lib/gcc/avr/4.3.3/avr5\libgcc.a(_gt_sf.o)
                0x00000632                __gtsf2
 .text          0x00000692       0x60 c:/imt_sdk_win_64/winavr/bin/../lib/gcc/avr/4.3.3/avr5\libgcc.a(_ge_sf.o)
                0x00000692                __gesf2
 .text          0x000006f2       0x60 c:/imt_sdk_win_64/winavr/bin/../lib/gcc/avr/4.3.3/avr5\libgcc.a(_lt_sf.o)
                0x000006f2                __ltsf2
 .text          0x00000752       0xa8 c:/imt_sdk_win_64/winavr/bin/../lib/gcc/avr/4.3.3/avr5\libgcc.a(_sf_to_si.o)
                0x00000752                __fixsfsi
 .text          0x000007fa        0x0 c:/imt_sdk_win_64/winavr/bin/../lib/gcc/avr/4.3.3/avr5\libgcc.a(_thenan_sf.o)
 .text          0x000007fa        0x0 c:/imt_sdk_win_64/winavr/bin/../lib/gcc/avr/4.3.3/avr5\libgcc.a(_prologue.o)
 .text          0x000007fa        0x0 c:/imt_sdk_win_64/winavr/bin/../lib/gcc/avr/4.3.3/avr5\libgcc.a(_epilogue.o)
 .text          0x000007fa      0x1aa c:/imt_sdk_win_64/winavr/bin/../lib/gcc/avr/4.3.3/avr5\libgcc.a(_pack_sf.o)
                0x000007fa                __pack_f
 .text          0x000009a4       0xf0 c:/imt_sdk_win_64/winavr/bin/../lib/gcc/avr/4.3.3/avr5\libgcc.a(_unpack_sf.o)
                0x000009a4                __unpack_f
 .text          0x00000a94       0xb2 c:/imt_sdk_win_64/winavr/bin/../lib/gcc/avr/4.3.3/avr5\libgcc.a(_fpcmp_parts_sf.o)
                0x00000a94                __fpcmp_parts_f
                0x00000b46                . = ALIGN (0x2)
 *(.text.*)
 .text.WTD_voidEnable
                0x00000b46       0x1c ./MCAL/WDT/WDT_Program.o
                0x00000b46                WTD_voidEnable
 .text.WTD_voidDisable
                0x00000b62       0x22 ./MCAL/WDT/WDT_Program.o
                0x00000b62                WTD_voidDisable
 .text.WTD_u8Sleep
                0x00000b84       0x32 ./MCAL/WDT/WDT_Program.o
                0x00000b84                WTD_u8Sleep
 .text.USART_voidInit
                0x00000bb6       0x6e ./MCAL/USART/USART_Program.o
                0x00000bb6                USART_voidInit
 .text.USART_voidSend
                0x00000c24       0x62 ./MCAL/USART/USART_Program.o
                0x00000c24                USART_voidSend
 .text.USART_enuRecieve
                0x00000c86       0x74 ./MCAL/USART/USART_Program.o
                0x00000c86                USART_enuRecieve
 .text.USART_voidEnableIntRXComp
                0x00000cfa       0x1c ./MCAL/USART/USART_Program.o
                0x00000cfa                USART_voidEnableIntRXComp
 .text.USART_voidDisableIntRXComp
                0x00000d16       0x1c ./MCAL/USART/USART_Program.o
                0x00000d16                USART_voidDisableIntRXComp
 .text.USART_voidEnableIntTXComp
                0x00000d32       0x1c ./MCAL/USART/USART_Program.o
                0x00000d32                USART_voidEnableIntTXComp
 .text.USART_voidDisableIntTXComp
                0x00000d4e       0x1c ./MCAL/USART/USART_Program.o
                0x00000d4e                USART_voidDisableIntTXComp
 .text.USART_voidEnableIntTXEmpty
                0x00000d6a       0x1c ./MCAL/USART/USART_Program.o
                0x00000d6a                USART_voidEnableIntTXEmpty
 .text.USART_voidDisableIntTXEmpty
                0x00000d86       0x1c ./MCAL/USART/USART_Program.o
                0x00000d86                USART_voidDisableIntTXEmpty
 .text.TIM2_voidInit
                0x00000da2       0x46 ./MCAL/Timer2/TIMER2_Program.o
                0x00000da2                TIM2_voidInit
 .text.TIM2_voidEnable
                0x00000de8       0x36 ./MCAL/Timer2/TIMER2_Program.o
                0x00000de8                TIM2_voidEnable
 .text.TIM2_voidDisable
                0x00000e1e       0x1c ./MCAL/Timer2/TIMER2_Program.o
                0x00000e1e                TIM2_voidDisable
 .text.TIM2_voidEnableOvfInt
                0x00000e3a       0x1c ./MCAL/Timer2/TIMER2_Program.o
                0x00000e3a                TIM2_voidEnableOvfInt
 .text.TIM2_voidDisableOvfInt
                0x00000e56       0x1c ./MCAL/Timer2/TIMER2_Program.o
                0x00000e56                TIM2_voidDisableOvfInt
 .text.TIM2_voidEnableCompareInt
                0x00000e72       0x1c ./MCAL/Timer2/TIMER2_Program.o
                0x00000e72                TIM2_voidEnableCompareInt
 .text.TIM2_voidDisableCompareInt
                0x00000e8e       0x1c ./MCAL/Timer2/TIMER2_Program.o
                0x00000e8e                TIM2_voidDisableCompareInt
 .text.TIM2_voidSetCallBackOvfInt
                0x00000eaa       0x24 ./MCAL/Timer2/TIMER2_Program.o
                0x00000eaa                TIM2_voidSetCallBackOvfInt
 .text.TIM2_voidSetCallBackCompareInt
                0x00000ece       0x24 ./MCAL/Timer2/TIMER2_Program.o
                0x00000ece                TIM2_voidSetCallBackCompareInt
 .text.TIM2_voidSetTCNTValue
                0x00000ef2       0x1c ./MCAL/Timer2/TIMER2_Program.o
                0x00000ef2                TIM2_voidSetTCNTValue
 .text.TIM2_voidSetOCRValue
                0x00000f0e       0x1c ./MCAL/Timer2/TIMER2_Program.o
                0x00000f0e                TIM2_voidSetOCRValue
 .text.Tim2_u8ReadTcntReg
                0x00000f2a       0x14 ./MCAL/Timer2/TIMER2_Program.o
                0x00000f2a                Tim2_u8ReadTcntReg
 .text.Tim2_u8ReadOcrReg
                0x00000f3e       0x14 ./MCAL/Timer2/TIMER2_Program.o
                0x00000f3e                Tim2_u8ReadOcrReg
 .text.TIM2_voidEnableOutputClk
                0x00000f52       0x1c ./MCAL/Timer2/TIMER2_Program.o
                0x00000f52                TIM2_voidEnableOutputClk
 .text.TIM2_voidChangeMode
                0x00000f6e       0xa2 ./MCAL/Timer2/TIMER2_Program.o
                0x00000f6e                TIM2_voidChangeMode
 .text.__vector_5
                0x00001010       0x5a ./MCAL/Timer2/TIMER2_Program.o
                0x00001010                __vector_5
 .text.__vector_4
                0x0000106a       0x5a ./MCAL/Timer2/TIMER2_Program.o
                0x0000106a                __vector_4
 .text.TIM1_voidInit
                0x000010c4      0x12c ./MCAL/TIMER1/TIMER1_Program.o
                0x000010c4                TIM1_voidInit
 .text.TIM1_voidEnable
                0x000011f0       0x36 ./MCAL/TIMER1/TIMER1_Program.o
                0x000011f0                TIM1_voidEnable
 .text.TIM1_voidDisable
                0x00001226       0x1c ./MCAL/TIMER1/TIMER1_Program.o
                0x00001226                TIM1_voidDisable
 .text.TIM1_voidEnableOvfInt
                0x00001242       0x1c ./MCAL/TIMER1/TIMER1_Program.o
                0x00001242                TIM1_voidEnableOvfInt
 .text.TIM1_voidDisableOvfInt
                0x0000125e       0x1c ./MCAL/TIMER1/TIMER1_Program.o
                0x0000125e                TIM1_voidDisableOvfInt
 .text.TIM1_voidEnableCmpAInt
                0x0000127a       0x1c ./MCAL/TIMER1/TIMER1_Program.o
                0x0000127a                TIM1_voidEnableCmpAInt
 .text.TIM1_voidDisableCmpAInt
                0x00001296       0x1c ./MCAL/TIMER1/TIMER1_Program.o
                0x00001296                TIM1_voidDisableCmpAInt
 .text.TIM1_voidEnableCmpBInt
                0x000012b2       0x1c ./MCAL/TIMER1/TIMER1_Program.o
                0x000012b2                TIM1_voidEnableCmpBInt
 .text.TIM1_voidDisableCmpBInt
                0x000012ce       0x1c ./MCAL/TIMER1/TIMER1_Program.o
                0x000012ce                TIM1_voidDisableCmpBInt
 .text.TIM1_voidEnableIcuInt
                0x000012ea       0x1c ./MCAL/TIMER1/TIMER1_Program.o
                0x000012ea                TIM1_voidEnableIcuInt
 .text.TIM1_voidDisableIcuInt
                0x00001306       0x1c ./MCAL/TIMER1/TIMER1_Program.o
                0x00001306                TIM1_voidDisableIcuInt
 .text.TIM1_voidSetCallbackOvfInt
                0x00001322       0x24 ./MCAL/TIMER1/TIMER1_Program.o
                0x00001322                TIM1_voidSetCallbackOvfInt
 .text.TIM1_voidSetCallbackCompAInt
                0x00001346       0x24 ./MCAL/TIMER1/TIMER1_Program.o
                0x00001346                TIM1_voidSetCallbackCompAInt
 .text.TIM1_voidSetCallbackCompBInt
                0x0000136a       0x24 ./MCAL/TIMER1/TIMER1_Program.o
                0x0000136a                TIM1_voidSetCallbackCompBInt
 .text.TIM1_voidSetCallbackIcuInt
                0x0000138e       0x24 ./MCAL/TIMER1/TIMER1_Program.o
                0x0000138e                TIM1_voidSetCallbackIcuInt
 .text.TIM1_voidSetTimerValue
                0x000013b2       0x2e ./MCAL/TIMER1/TIMER1_Program.o
                0x000013b2                TIM1_voidSetTimerValue
 .text.TIM1_voidSetCmpARegValue
                0x000013e0       0x2e ./MCAL/TIMER1/TIMER1_Program.o
                0x000013e0                TIM1_voidSetCmpARegValue
 .text.TIM1_voidSetCmpBRegValue
                0x0000140e       0x2e ./MCAL/TIMER1/TIMER1_Program.o
                0x0000140e                TIM1_voidSetCmpBRegValue
 .text.TIM1_voidSetIcuRegValue
                0x0000143c       0x24 ./MCAL/TIMER1/TIMER1_Program.o
                0x0000143c                TIM1_voidSetIcuRegValue
 .text.TIM1_u8ReadTimerValue
                0x00001460       0x48 ./MCAL/TIMER1/TIMER1_Program.o
                0x00001460                TIM1_u8ReadTimerValue
 .text.__vector_9
                0x000014a8       0x5a ./MCAL/TIMER1/TIMER1_Program.o
                0x000014a8                __vector_9
 .text.__vector_7
                0x00001502       0x5a ./MCAL/TIMER1/TIMER1_Program.o
                0x00001502                __vector_7
 .text.__vector_8
                0x0000155c       0x5a ./MCAL/TIMER1/TIMER1_Program.o
                0x0000155c                __vector_8
 .text.__vector_6
                0x000015b6       0x5a ./MCAL/TIMER1/TIMER1_Program.o
                0x000015b6                __vector_6
 .text.TIM1_u16GetIcuValue
                0x00001610       0x16 ./MCAL/TIMER1/TIMER1_Program.o
                0x00001610                TIM1_u16GetIcuValue
 .text.ICU_voidRisingEdge
                0x00001626       0x1c ./MCAL/TIMER1/TIMER1_Program.o
                0x00001626                ICU_voidRisingEdge
 .text.ICU_voidFallenEdge
                0x00001642       0x1c ./MCAL/TIMER1/TIMER1_Program.o
                0x00001642                ICU_voidFallenEdge
 .text.TIM0_voidInit
                0x0000165e       0x46 ./MCAL/TIMER0/TIMER0_Program.o
                0x0000165e                TIM0_voidInit
 .text.TIM0_voidEnable
                0x000016a4       0x36 ./MCAL/TIMER0/TIMER0_Program.o
                0x000016a4                TIM0_voidEnable
 .text.TIM0_voidDisable
                0x000016da       0x1c ./MCAL/TIMER0/TIMER0_Program.o
                0x000016da                TIM0_voidDisable
 .text.TIM0_voidEnableOvfInt
                0x000016f6       0x1c ./MCAL/TIMER0/TIMER0_Program.o
                0x000016f6                TIM0_voidEnableOvfInt
 .text.TIM0_voidDisableOvfInt
                0x00001712       0x1c ./MCAL/TIMER0/TIMER0_Program.o
                0x00001712                TIM0_voidDisableOvfInt
 .text.TIM0_voidEnableCompareInt
                0x0000172e       0x1c ./MCAL/TIMER0/TIMER0_Program.o
                0x0000172e                TIM0_voidEnableCompareInt
 .text.TIM0_voidDisableCompareInt
                0x0000174a       0x1c ./MCAL/TIMER0/TIMER0_Program.o
                0x0000174a                TIM0_voidDisableCompareInt
 .text.TIM0_voidSetCallBackOvfInt
                0x00001766       0x24 ./MCAL/TIMER0/TIMER0_Program.o
                0x00001766                TIM0_voidSetCallBackOvfInt
 .text.TIM0_voidSetCallBackCompareInt
                0x0000178a       0x24 ./MCAL/TIMER0/TIMER0_Program.o
                0x0000178a                TIM0_voidSetCallBackCompareInt
 .text.TIM0_voidSetTCNTValue
                0x000017ae       0x1c ./MCAL/TIMER0/TIMER0_Program.o
                0x000017ae                TIM0_voidSetTCNTValue
 .text.TIM0_voidSetOCRValue
                0x000017ca       0x1c ./MCAL/TIMER0/TIMER0_Program.o
                0x000017ca                TIM0_voidSetOCRValue
 .text.Tim0_u8ReadTcntReg
                0x000017e6       0x14 ./MCAL/TIMER0/TIMER0_Program.o
                0x000017e6                Tim0_u8ReadTcntReg
 .text.Tim0_u8ReadOcrReg
                0x000017fa       0x14 ./MCAL/TIMER0/TIMER0_Program.o
                0x000017fa                Tim0_u8ReadOcrReg
 .text.TIM0_voidChangeMode
                0x0000180e       0xa2 ./MCAL/TIMER0/TIMER0_Program.o
                0x0000180e                TIM0_voidChangeMode
 .text.__vector_11
                0x000018b0       0x5a ./MCAL/TIMER0/TIMER0_Program.o
                0x000018b0                __vector_11
 .text.__vector_10
                0x0000190a       0x5a ./MCAL/TIMER0/TIMER0_Program.o
                0x0000190a                __vector_10
 .text.GIE_voidEnable
                0x00001964       0x1c ./MCAL/GIE/GIE_Program.o
                0x00001964                GIE_voidEnable
 .text.GIE_voidDisable
                0x00001980       0x1c ./MCAL/GIE/GIE_Program.o
                0x00001980                GIE_voidDisable
 .text.EXTINTO_voidEnable
                0x0000199c       0x1c ./MCAL/EXTINT0/EXTINT0_Program.o
                0x0000199c                EXTINTO_voidEnable
 .text.EXTINTO_voidDisable
                0x000019b8       0x1c ./MCAL/EXTINT0/EXTINT0_Program.o
                0x000019b8                EXTINTO_voidDisable
 .text.EXTINT0_voidInit
                0x000019d4       0x2a ./MCAL/EXTINT0/EXTINT0_Program.o
                0x000019d4                EXTINT0_voidInit
 .text.EXTINT0_voidChangeSense
                0x000019fe       0xec ./MCAL/EXTINT0/EXTINT0_Program.o
                0x000019fe                EXTINT0_voidChangeSense
 .text.EXTINT0_voidSetCallBack
                0x00001aea       0x24 ./MCAL/EXTINT0/EXTINT0_Program.o
                0x00001aea                EXTINT0_voidSetCallBack
 .text.__vector_1
                0x00001b0e       0x5a ./MCAL/EXTINT0/EXTINT0_Program.o
                0x00001b0e                __vector_1
 .text.DIO_voidInit
                0x00001b68       0x2e ./MCAL/DIO/DIO_Program.o
                0x00001b68                DIO_voidInit
 .text.DIO_enuWritePin
                0x00001b96      0x25c ./MCAL/DIO/DIO_Program.o
                0x00001b96                DIO_enuWritePin
 .text.DIO_enuReadPin
                0x00001df2      0x10e ./MCAL/DIO/DIO_Program.o
                0x00001df2                DIO_enuReadPin
 .text.DIO_enuWriteGroup
                0x00001f00       0x7c ./MCAL/DIO/DIO_Program.o
                0x00001f00                DIO_enuWriteGroup
 .text.DIO_enuStatePullup
                0x00001f7c       0x20 ./MCAL/DIO/DIO_Program.o
                0x00001f7c                DIO_enuStatePullup
 .text.ADC_voidInit
                0x00001f9c       0x62 ./MCAL/ADC/ADC_Program.o
                0x00001f9c                ADC_voidInit
 .text.ADC_voidEnable
                0x00001ffe       0x1c ./MCAL/ADC/ADC_Program.o
                0x00001ffe                ADC_voidEnable
 .text.ADC_voidDisable
                0x0000201a       0x1c ./MCAL/ADC/ADC_Program.o
                0x0000201a                ADC_voidDisable
 .text.ADC_voidEnableInterrupt
                0x00002036       0x1c ./MCAL/ADC/ADC_Program.o
                0x00002036                ADC_voidEnableInterrupt
 .text.ADC_voidDisableInterrupt
                0x00002052       0x1c ./MCAL/ADC/ADC_Program.o
                0x00002052                ADC_voidDisableInterrupt
 .text.ADC_voidSetCallback
                0x0000206e       0x24 ./MCAL/ADC/ADC_Program.o
                0x0000206e                ADC_voidSetCallback
 .text.ADC_voidStartConversion
                0x00002092       0x40 ./MCAL/ADC/ADC_Program.o
                0x00002092                ADC_voidStartConversion
 .text.ADC_voidChangeMode
                0x000020d2       0x72 ./MCAL/ADC/ADC_Program.o
                0x000020d2                ADC_voidChangeMode
 .text.ADC_u16ReadSync
                0x00002144       0x76 ./MCAL/ADC/ADC_Program.o
                0x00002144                ADC_u16ReadSync
 .text.ADC_u16ReadAsync
                0x000021ba       0x16 ./MCAL/ADC/ADC_Program.o
                0x000021ba                ADC_u16ReadAsync
 .text.__vector_16
                0x000021d0       0x9c ./MCAL/ADC/ADC_Program.o
                0x000021d0                __vector_16
 .text.SEV_enuDisplay
                0x0000226c      0x104 ./HAL/SSD/SSD_Program.o
                0x0000226c                SEV_enuDisplay
 .text.SEV_HexToBin
                0x00002370       0x94 ./HAL/SSD/SSD_Program.o
 .text.SEV_enuEnable
                0x00002404       0xc4 ./HAL/SSD/SSD_Program.o
                0x00002404                SEV_enuEnable
 .text.SEV_enuDisable
                0x000024c8       0xc4 ./HAL/SSD/SSD_Program.o
                0x000024c8                SEV_enuDisable
 .text.LCD_voidInit
                0x0000258c     0x1090 ./HAL/LCD/LCD_Program.o
                0x0000258c                LCD_voidInit
 .text.voidWriteCmd
                0x0000361c       0x46 ./HAL/LCD/LCD_Program.o
 .text.LCDHelp  0x00003662      0x352 ./HAL/LCD/LCD_Program.o
 .text.LCD_voidSendChar
                0x000039b4      0x346 ./HAL/LCD/LCD_Program.o
                0x000039b4                LCD_voidSendChar
 .text.LCD_voidSendCommand
                0x00003cfa      0x320 ./HAL/LCD/LCD_Program.o
                0x00003cfa                LCD_voidSendCommand
 .text.LCD_voidSendString
                0x0000401a       0x5a ./HAL/LCD/LCD_Program.o
                0x0000401a                LCD_voidSendString
 .text.LCD_voidClrScr
                0x00004074       0x1c ./HAL/LCD/LCD_Program.o
                0x00004074                LCD_voidClrScr
 .text.LCD_voidSendNumber
                0x00004090      0x122 ./HAL/LCD/LCD_Program.o
                0x00004090                LCD_voidSendNumber
 .text.LCD_voidDisplayHex
                0x000041b2       0x1e ./HAL/LCD/LCD_Program.o
                0x000041b2                LCD_voidDisplayHex
 .text.LCD_voidMoveCourser
                0x000041d0       0x72 ./HAL/LCD/LCD_Program.o
                0x000041d0                LCD_voidMoveCourser
 .text.KPD_voidInit
                0x00004242       0x4e ./HAL/Keypad/Keypad_Program.o
                0x00004242                KPD_voidInit
 .text.KPD_u8GetPressedKey
                0x00004290      0x108 ./HAL/Keypad/Keypad_Program.o
                0x00004290                KPD_u8GetPressedKey
 .text.DCM_voidRotateCW
                0x00004398       0x1e ./HAL/DCM/DC_Motor_Program.o
                0x00004398                DCM_voidRotateCW
 .text.DCM_voidRotateCCW
                0x000043b6       0x1e ./HAL/DCM/DC_Motor_Program.o
                0x000043b6                DCM_voidRotateCCW
 .text.DCM_voidStop
                0x000043d4       0x1e ./HAL/DCM/DC_Motor_Program.o
                0x000043d4                DCM_voidStop
 .text.Hours    0x000043f2      0x37e ./APP/main.o
                0x000043f2                Hours
 .text.Minutes  0x00004770      0x21c ./APP/main.o
                0x00004770                Minutes
 .text.Seconds  0x0000498c      0x248 ./APP/main.o
                0x0000498c                Seconds
 .text.ISR      0x00004bd4       0x62 ./APP/main.o
                0x00004bd4                ISR
 .text.display  0x00004c36      0x71a ./APP/main.o
                0x00004c36                display
 .text.main     0x00005350      0x18a ./APP/main.o
                0x00005350                main
 .text.libgcc   0x000054da       0x18 c:/imt_sdk_win_64/winavr/bin/../lib/gcc/avr/4.3.3/avr5\libgcc.a(_udivmodqi4.o)
                0x000054da                __udivmodqi4
 .text.libgcc   0x000054f2       0x44 c:/imt_sdk_win_64/winavr/bin/../lib/gcc/avr/4.3.3/avr5\libgcc.a(_udivmodsi4.o)
                0x000054f2                __udivmodsi4
 .text.libgcc   0x00005536        0x0 c:/imt_sdk_win_64/winavr/bin/../lib/gcc/avr/4.3.3/avr5\libgcc.a(_exit.o)
 .text.libgcc   0x00005536        0x0 c:/imt_sdk_win_64/winavr/bin/../lib/gcc/avr/4.3.3/avr5\libgcc.a(_copy_data.o)
 .text.libgcc   0x00005536        0x0 c:/imt_sdk_win_64/winavr/bin/../lib/gcc/avr/4.3.3/avr5\libgcc.a(_clear_bss.o)
 .text.libgcc   0x00005536       0x38 c:/imt_sdk_win_64/winavr/bin/../lib/gcc/avr/4.3.3/avr5\libgcc.a(_prologue.o)
                0x00005536                __prologue_saves__
 .text.libgcc   0x0000556e       0x36 c:/imt_sdk_win_64/winavr/bin/../lib/gcc/avr/4.3.3/avr5\libgcc.a(_epilogue.o)
                0x0000556e                __epilogue_restores__
                0x000055a4                . = ALIGN (0x2)
 *(.fini9)
 .fini9         0x000055a4        0x0 c:/imt_sdk_win_64/winavr/bin/../lib/gcc/avr/4.3.3/avr5\libgcc.a(_exit.o)
                0x000055a4                exit
                0x000055a4                _exit
 *(.fini9)
 *(.fini8)
 *(.fini8)
 *(.fini7)
 *(.fini7)
 *(.fini6)
 *(.fini6)
 *(.fini5)
 *(.fini5)
 *(.fini4)
 *(.fini4)
 *(.fini3)
 *(.fini3)
 *(.fini2)
 *(.fini2)
 *(.fini1)
 *(.fini1)
 *(.fini0)
 .fini0         0x000055a4        0x4 c:/imt_sdk_win_64/winavr/bin/../lib/gcc/avr/4.3.3/avr5\libgcc.a(_exit.o)
 *(.fini0)
                0x000055a8                _etext = .

.data           0x00800060       0xec load address 0x000055a8
                0x00800060                PROVIDE (__data_start, .)
 *(.data)
 .data          0x00800060        0x0 c:/imt_sdk_win_64/winavr/bin/../lib/gcc/avr/4.3.3/../../../../avr/lib/avr5/crtm32.o
 .data          0x00800060        0x0 ./MCAL/WDT/WDT_Program.o
 .data          0x00800060        0x0 ./MCAL/USART/USART_Program.o
 .data          0x00800060        0x0 ./MCAL/Timer2/TIMER2_Program.o
 .data          0x00800060        0x0 ./MCAL/TIMER1/TIMER1_Program.o
 .data          0x00800060        0x0 ./MCAL/TIMER0/TIMER0_Program.o
 .data          0x00800060        0x0 ./MCAL/SPI/SPI_program.o
 .data          0x00800060        0x0 ./MCAL/GIE/GIE_Program.o
 .data          0x00800060        0x0 ./MCAL/EXTINT0/EXTINT0_Program.o
 .data          0x00800060        0x0 ./MCAL/DIO/DIO_Program.o
 .data          0x00800060        0x0 ./MCAL/ADC/ADC_Program.o
 .data          0x00800060        0x0 ./HAL/SSD/SSD_Config.o
 .data          0x00800060        0x0 ./HAL/SSD/SSD_Program.o
 .data          0x00800060        0x0 ./HAL/LCD/LCD_Config.o
 .data          0x00800060        0x0 ./HAL/LCD/LCD_Program.o
 .data          0x00800060        0x0 ./HAL/Keypad/Keypad_Program.o
 .data          0x00800060        0x0 ./HAL/DCM/DC_Motor_Program.o
 .data          0x00800060       0x7e ./APP/main.o
 .data          0x008000de        0x0 c:/imt_sdk_win_64/winavr/bin/../lib/gcc/avr/4.3.3/avr5\libgcc.a(_udivmodqi4.o)
 .data          0x008000de        0x0 c:/imt_sdk_win_64/winavr/bin/../lib/gcc/avr/4.3.3/avr5\libgcc.a(_udivmodsi4.o)
 .data          0x008000de        0x0 c:/imt_sdk_win_64/winavr/bin/../lib/gcc/avr/4.3.3/avr5\libgcc.a(_exit.o)
 .data          0x008000de        0x0 c:/imt_sdk_win_64/winavr/bin/../lib/gcc/avr/4.3.3/avr5\libgcc.a(_copy_data.o)
 .data          0x008000de        0x0 c:/imt_sdk_win_64/winavr/bin/../lib/gcc/avr/4.3.3/avr5\libgcc.a(_clear_bss.o)
 .data          0x008000de        0x0 c:/imt_sdk_win_64/winavr/bin/../lib/gcc/avr/4.3.3/avr5\libgcc.a(_fixunssfsi.o)
 .data          0x008000de        0x0 c:/imt_sdk_win_64/winavr/bin/../lib/gcc/avr/4.3.3/avr5\libgcc.a(_addsub_sf.o)
 .data          0x008000de        0x0 c:/imt_sdk_win_64/winavr/bin/../lib/gcc/avr/4.3.3/avr5\libgcc.a(_mul_sf.o)
 .data          0x008000de        0x0 c:/imt_sdk_win_64/winavr/bin/../lib/gcc/avr/4.3.3/avr5\libgcc.a(_gt_sf.o)
 .data          0x008000de        0x0 c:/imt_sdk_win_64/winavr/bin/../lib/gcc/avr/4.3.3/avr5\libgcc.a(_ge_sf.o)
 .data          0x008000de        0x0 c:/imt_sdk_win_64/winavr/bin/../lib/gcc/avr/4.3.3/avr5\libgcc.a(_lt_sf.o)
 .data          0x008000de        0x0 c:/imt_sdk_win_64/winavr/bin/../lib/gcc/avr/4.3.3/avr5\libgcc.a(_sf_to_si.o)
 .data          0x008000de        0x8 c:/imt_sdk_win_64/winavr/bin/../lib/gcc/avr/4.3.3/avr5\libgcc.a(_thenan_sf.o)
                0x008000de                __thenan_sf
 .data          0x008000e6        0x0 c:/imt_sdk_win_64/winavr/bin/../lib/gcc/avr/4.3.3/avr5\libgcc.a(_prologue.o)
 .data          0x008000e6        0x0 c:/imt_sdk_win_64/winavr/bin/../lib/gcc/avr/4.3.3/avr5\libgcc.a(_epilogue.o)
 .data          0x008000e6        0x0 c:/imt_sdk_win_64/winavr/bin/../lib/gcc/avr/4.3.3/avr5\libgcc.a(_pack_sf.o)
 .data          0x008000e6        0x0 c:/imt_sdk_win_64/winavr/bin/../lib/gcc/avr/4.3.3/avr5\libgcc.a(_unpack_sf.o)
 .data          0x008000e6        0x0 c:/imt_sdk_win_64/winavr/bin/../lib/gcc/avr/4.3.3/avr5\libgcc.a(_fpcmp_parts_sf.o)
 *(.data*)
 .data.SEV_ConfigSet
                0x008000e6       0x36 ./HAL/SSD/SSD_Config.o
                0x008000e6                SEV_ConfigSet
 .data.lcdarr   0x0080011c        0xc ./HAL/LCD/LCD_Config.o
                0x0080011c                lcdarr
 .data.au8KpdArrLoc.1226
                0x00800128       0x10 ./HAL/Keypad/Keypad_Program.o
 .data.u8KpdRowArr.1221
                0x00800138        0x4 ./HAL/Keypad/Keypad_Program.o
 .data.u8KpdColArr.1220
                0x0080013c        0x4 ./HAL/Keypad/Keypad_Program.o
 .data.u8Key    0x00800140        0x1 ./APP/main.o
                0x00800140                u8Key
 *(.rodata)
 *(.rodata*)
 .rodata.C.0.1232
                0x00800141        0xa ./HAL/SSD/SSD_Program.o
 *(.gnu.linkonce.d*)
                0x0080014c                . = ALIGN (0x2)
 *fill*         0x0080014b        0x1 00
                0x0080014c                _edata = .
                0x0080014c                PROVIDE (__data_end, .)

.bss            0x0080014c       0x1c
                0x0080014c                PROVIDE (__bss_start, .)
 *(.bss)
 .bss           0x0080014c        0x0 c:/imt_sdk_win_64/winavr/bin/../lib/gcc/avr/4.3.3/../../../../avr/lib/avr5/crtm32.o
 .bss           0x0080014c        0x0 ./MCAL/WDT/WDT_Program.o
 .bss           0x0080014c        0x0 ./MCAL/USART/USART_Program.o
 .bss           0x0080014c        0x0 ./MCAL/Timer2/TIMER2_Program.o
 .bss           0x0080014c        0x0 ./MCAL/TIMER1/TIMER1_Program.o
 .bss           0x0080014c        0x0 ./MCAL/TIMER0/TIMER0_Program.o
 .bss           0x0080014c        0x0 ./MCAL/SPI/SPI_program.o
 .bss           0x0080014c        0x0 ./MCAL/GIE/GIE_Program.o
 .bss           0x0080014c        0x0 ./MCAL/EXTINT0/EXTINT0_Program.o
 .bss           0x0080014c        0x0 ./MCAL/DIO/DIO_Program.o
 .bss           0x0080014c        0x0 ./MCAL/ADC/ADC_Program.o
 .bss           0x0080014c        0x0 ./HAL/SSD/SSD_Config.o
 .bss           0x0080014c        0x0 ./HAL/SSD/SSD_Program.o
 .bss           0x0080014c        0x0 ./HAL/LCD/LCD_Config.o
 .bss           0x0080014c        0x0 ./HAL/LCD/LCD_Program.o
 .bss           0x0080014c        0x0 ./HAL/Keypad/Keypad_Program.o
 .bss           0x0080014c        0x0 ./HAL/DCM/DC_Motor_Program.o
 .bss           0x0080014c        0x0 ./APP/main.o
 .bss           0x0080014c        0x0 c:/imt_sdk_win_64/winavr/bin/../lib/gcc/avr/4.3.3/avr5\libgcc.a(_udivmodqi4.o)
 .bss           0x0080014c        0x0 c:/imt_sdk_win_64/winavr/bin/../lib/gcc/avr/4.3.3/avr5\libgcc.a(_udivmodsi4.o)
 .bss           0x0080014c        0x0 c:/imt_sdk_win_64/winavr/bin/../lib/gcc/avr/4.3.3/avr5\libgcc.a(_exit.o)
 .bss           0x0080014c        0x0 c:/imt_sdk_win_64/winavr/bin/../lib/gcc/avr/4.3.3/avr5\libgcc.a(_copy_data.o)
 .bss           0x0080014c        0x0 c:/imt_sdk_win_64/winavr/bin/../lib/gcc/avr/4.3.3/avr5\libgcc.a(_clear_bss.o)
 .bss           0x0080014c        0x0 c:/imt_sdk_win_64/winavr/bin/../lib/gcc/avr/4.3.3/avr5\libgcc.a(_fixunssfsi.o)
 .bss           0x0080014c        0x0 c:/imt_sdk_win_64/winavr/bin/../lib/gcc/avr/4.3.3/avr5\libgcc.a(_addsub_sf.o)
 .bss           0x0080014c        0x0 c:/imt_sdk_win_64/winavr/bin/../lib/gcc/avr/4.3.3/avr5\libgcc.a(_mul_sf.o)
 .bss           0x0080014c        0x0 c:/imt_sdk_win_64/winavr/bin/../lib/gcc/avr/4.3.3/avr5\libgcc.a(_gt_sf.o)
 .bss           0x0080014c        0x0 c:/imt_sdk_win_64/winavr/bin/../lib/gcc/avr/4.3.3/avr5\libgcc.a(_ge_sf.o)
 .bss           0x0080014c        0x0 c:/imt_sdk_win_64/winavr/bin/../lib/gcc/avr/4.3.3/avr5\libgcc.a(_lt_sf.o)
 .bss           0x0080014c        0x0 c:/imt_sdk_win_64/winavr/bin/../lib/gcc/avr/4.3.3/avr5\libgcc.a(_sf_to_si.o)
 .bss           0x0080014c        0x0 c:/imt_sdk_win_64/winavr/bin/../lib/gcc/avr/4.3.3/avr5\libgcc.a(_thenan_sf.o)
 .bss           0x0080014c        0x0 c:/imt_sdk_win_64/winavr/bin/../lib/gcc/avr/4.3.3/avr5\libgcc.a(_prologue.o)
 .bss           0x0080014c        0x0 c:/imt_sdk_win_64/winavr/bin/../lib/gcc/avr/4.3.3/avr5\libgcc.a(_epilogue.o)
 .bss           0x0080014c        0x0 c:/imt_sdk_win_64/winavr/bin/../lib/gcc/avr/4.3.3/avr5\libgcc.a(_pack_sf.o)
 .bss           0x0080014c        0x0 c:/imt_sdk_win_64/winavr/bin/../lib/gcc/avr/4.3.3/avr5\libgcc.a(_unpack_sf.o)
 .bss           0x0080014c        0x0 c:/imt_sdk_win_64/winavr/bin/../lib/gcc/avr/4.3.3/avr5\libgcc.a(_fpcmp_parts_sf.o)
 *(.bss*)
 .bss.ADC_pfCall
                0x0080014c        0x2 ./MCAL/ADC/ADC_Program.o
                0x0080014c                ADC_pfCall
 .bss.u8KpdPinState.1224
                0x0080014e        0x1 ./HAL/Keypad/Keypad_Program.o
 .bss.u8KpdRowIdx.1223
                0x0080014f        0x1 ./HAL/Keypad/Keypad_Program.o
 .bss.u8KpdColIdx.1222
                0x00800150        0x1 ./HAL/Keypad/Keypad_Program.o
 .bss.hours     0x00800151        0x1 ./APP/main.o
                0x00800151                hours
 .bss.minutes   0x00800152        0x1 ./APP/main.o
                0x00800152                minutes
 .bss.seconds   0x00800153        0x1 ./APP/main.o
                0x00800153                seconds
 *(COMMON)
 COMMON         0x00800154        0x4 ./MCAL/Timer2/TIMER2_Program.o
                0x00800154                TIM2_pfCompareCallBack
                0x00800156                TIM2_pfOVFCallBack
 COMMON         0x00800158        0x8 ./MCAL/TIMER1/TIMER1_Program.o
                0x00800158                TIM1_pfCmpBCallBack
                0x0080015a                TIM1_pfIcuCallBack
                0x0080015c                TIM1_pfOvfCallBack
                0x0080015e                TIM1_pfCmpACallBack
 COMMON         0x00800160        0x4 ./MCAL/TIMER0/TIMER0_Program.o
                0x00800160                TIM0_pfOVFCallBack
                0x00800162                TIM0_pfCompareCallBack
 COMMON         0x00800164        0x2 ./MCAL/EXTINT0/EXTINT0_Program.o
                0x00800164                EXTINT0_pfCall
 COMMON         0x00800166        0x2 ./MCAL/ADC/ADC_Program.o
                0x00800166                ADC_u16ReadValue
                0x00800168                PROVIDE (__bss_end, .)
                0x000055a8                __data_load_start = LOADADDR (.data)
                0x00005694                __data_load_end = (__data_load_start + SIZEOF (.data))

.noinit         0x00800168        0x0
                0x00800168                PROVIDE (__noinit_start, .)
 *(.noinit*)
                0x00800168                PROVIDE (__noinit_end, .)
                0x00800168                _end = .
                0x00800168                PROVIDE (__heap_start, .)

.eeprom         0x00810000        0x0
 *(.eeprom*)
                0x00810000                __eeprom_end = .

.fuse
 *(.fuse)
 *(.lfuse)
 *(.hfuse)
 *(.efuse)

.lock
 *(.lock*)

.signature
 *(.signature*)

.stab           0x00000000     0x609c
 *(.stab)
 .stab          0x00000000      0x240 ./MCAL/WDT/WDT_Program.o
 .stab          0x00000240      0x4ec ./MCAL/USART/USART_Program.o
                                0x4f8 (size before relaxing)
 .stab          0x0000072c      0x5c4 ./MCAL/Timer2/TIMER2_Program.o
                                0x5d0 (size before relaxing)
 .stab          0x00000cf0      0x8c4 ./MCAL/TIMER1/TIMER1_Program.o
                                0x8d0 (size before relaxing)
 .stab          0x000015b4      0x594 ./MCAL/TIMER0/TIMER0_Program.o
                                0x5a0 (size before relaxing)
 .stab          0x00001b48      0x180 ./MCAL/SPI/SPI_program.o
                                0x18c (size before relaxing)
 .stab          0x00001cc8      0x1e0 ./MCAL/GIE/GIE_Program.o
                                0x1ec (size before relaxing)
 .stab          0x00001ea8      0x348 ./MCAL/EXTINT0/EXTINT0_Program.o
                                0x354 (size before relaxing)
 .stab          0x000021f0      0x558 ./MCAL/DIO/DIO_Program.o
                                0x564 (size before relaxing)
 .stab          0x00002748      0x4f8 ./MCAL/ADC/ADC_Program.o
                                0x504 (size before relaxing)
 .stab          0x00002c40      0x1b0 ./HAL/SSD/SSD_Config.o
                                0x1bc (size before relaxing)
 .stab          0x00002df0      0x48c ./HAL/SSD/SSD_Program.o
                                0x4b0 (size before relaxing)
 .stab          0x0000327c      0x1c8 ./HAL/LCD/LCD_Config.o
                                0x1d4 (size before relaxing)
 .stab          0x00003444     0x15c0 ./HAL/LCD/LCD_Program.o
                               0x1698 (size before relaxing)
 .stab          0x00004a04      0x390 ./HAL/Keypad/Keypad_Program.o
                                0x39c (size before relaxing)
 .stab          0x00004d94      0x234 ./HAL/DCM/DC_Motor_Program.o
                                0x240 (size before relaxing)
 .stab          0x00004fc8     0x10d4 ./APP/main.o
                               0x126c (size before relaxing)

.stabstr        0x00000000     0x2189
 *(.stabstr)
 .stabstr       0x00000000     0x2189 ./MCAL/WDT/WDT_Program.o

.stab.excl
 *(.stab.excl)

.stab.exclstr
 *(.stab.exclstr)

.stab.index
 *(.stab.index)

.stab.indexstr
 *(.stab.indexstr)

.comment
 *(.comment)

.debug
 *(.debug)

.line
 *(.line)

.debug_srcinfo
 *(.debug_srcinfo)

.debug_sfnames
 *(.debug_sfnames)

.debug_aranges  0x00000000      0x140
 *(.debug_aranges)
 .debug_aranges
                0x00000000       0x20 c:/imt_sdk_win_64/winavr/bin/../lib/gcc/avr/4.3.3/avr5\libgcc.a(_fixunssfsi.o)
 .debug_aranges
                0x00000020       0x20 c:/imt_sdk_win_64/winavr/bin/../lib/gcc/avr/4.3.3/avr5\libgcc.a(_addsub_sf.o)
 .debug_aranges
                0x00000040       0x20 c:/imt_sdk_win_64/winavr/bin/../lib/gcc/avr/4.3.3/avr5\libgcc.a(_mul_sf.o)
 .debug_aranges
                0x00000060       0x20 c:/imt_sdk_win_64/winavr/bin/../lib/gcc/avr/4.3.3/avr5\libgcc.a(_gt_sf.o)
 .debug_aranges
                0x00000080       0x20 c:/imt_sdk_win_64/winavr/bin/../lib/gcc/avr/4.3.3/avr5\libgcc.a(_ge_sf.o)
 .debug_aranges
                0x000000a0       0x20 c:/imt_sdk_win_64/winavr/bin/../lib/gcc/avr/4.3.3/avr5\libgcc.a(_lt_sf.o)
 .debug_aranges
                0x000000c0       0x20 c:/imt_sdk_win_64/winavr/bin/../lib/gcc/avr/4.3.3/avr5\libgcc.a(_sf_to_si.o)
 .debug_aranges
                0x000000e0       0x20 c:/imt_sdk_win_64/winavr/bin/../lib/gcc/avr/4.3.3/avr5\libgcc.a(_pack_sf.o)
 .debug_aranges
                0x00000100       0x20 c:/imt_sdk_win_64/winavr/bin/../lib/gcc/avr/4.3.3/avr5\libgcc.a(_unpack_sf.o)
 .debug_aranges
                0x00000120       0x20 c:/imt_sdk_win_64/winavr/bin/../lib/gcc/avr/4.3.3/avr5\libgcc.a(_fpcmp_parts_sf.o)

.debug_pubnames
                0x00000000      0x170
 *(.debug_pubnames)
 .debug_pubnames
                0x00000000       0x23 c:/imt_sdk_win_64/winavr/bin/../lib/gcc/avr/4.3.3/avr5\libgcc.a(_fixunssfsi.o)
 .debug_pubnames
                0x00000023       0x2c c:/imt_sdk_win_64/winavr/bin/../lib/gcc/avr/4.3.3/avr5\libgcc.a(_addsub_sf.o)
 .debug_pubnames
                0x0000004f       0x1f c:/imt_sdk_win_64/winavr/bin/../lib/gcc/avr/4.3.3/avr5\libgcc.a(_mul_sf.o)
 .debug_pubnames
                0x0000006e       0x1e c:/imt_sdk_win_64/winavr/bin/../lib/gcc/avr/4.3.3/avr5\libgcc.a(_gt_sf.o)
 .debug_pubnames
                0x0000008c       0x1e c:/imt_sdk_win_64/winavr/bin/../lib/gcc/avr/4.3.3/avr5\libgcc.a(_ge_sf.o)
 .debug_pubnames
                0x000000aa       0x1e c:/imt_sdk_win_64/winavr/bin/../lib/gcc/avr/4.3.3/avr5\libgcc.a(_lt_sf.o)
 .debug_pubnames
                0x000000c8       0x20 c:/imt_sdk_win_64/winavr/bin/../lib/gcc/avr/4.3.3/avr5\libgcc.a(_sf_to_si.o)
 .debug_pubnames
                0x000000e8       0x22 c:/imt_sdk_win_64/winavr/bin/../lib/gcc/avr/4.3.3/avr5\libgcc.a(_thenan_sf.o)
 .debug_pubnames
                0x0000010a       0x1f c:/imt_sdk_win_64/winavr/bin/../lib/gcc/avr/4.3.3/avr5\libgcc.a(_pack_sf.o)
 .debug_pubnames
                0x00000129       0x21 c:/imt_sdk_win_64/winavr/bin/../lib/gcc/avr/4.3.3/avr5\libgcc.a(_unpack_sf.o)
 .debug_pubnames
                0x0000014a       0x26 c:/imt_sdk_win_64/winavr/bin/../lib/gcc/avr/4.3.3/avr5\libgcc.a(_fpcmp_parts_sf.o)

.debug_info     0x00000000     0x1c49
 *(.debug_info)
 .debug_info    0x00000000       0xb1 c:/imt_sdk_win_64/winavr/bin/../lib/gcc/avr/4.3.3/avr5\libgcc.a(_fixunssfsi.o)
 .debug_info    0x000000b1      0x47a c:/imt_sdk_win_64/winavr/bin/../lib/gcc/avr/4.3.3/avr5\libgcc.a(_addsub_sf.o)
 .debug_info    0x0000052b      0x485 c:/imt_sdk_win_64/winavr/bin/../lib/gcc/avr/4.3.3/avr5\libgcc.a(_mul_sf.o)
 .debug_info    0x000009b0      0x27f c:/imt_sdk_win_64/winavr/bin/../lib/gcc/avr/4.3.3/avr5\libgcc.a(_gt_sf.o)
 .debug_info    0x00000c2f      0x27f c:/imt_sdk_win_64/winavr/bin/../lib/gcc/avr/4.3.3/avr5\libgcc.a(_ge_sf.o)
 .debug_info    0x00000eae      0x27f c:/imt_sdk_win_64/winavr/bin/../lib/gcc/avr/4.3.3/avr5\libgcc.a(_lt_sf.o)
 .debug_info    0x0000112d      0x2b0 c:/imt_sdk_win_64/winavr/bin/../lib/gcc/avr/4.3.3/avr5\libgcc.a(_sf_to_si.o)
 .debug_info    0x000013dd      0x12c c:/imt_sdk_win_64/winavr/bin/../lib/gcc/avr/4.3.3/avr5\libgcc.a(_thenan_sf.o)
 .debug_info    0x00001509      0x2df c:/imt_sdk_win_64/winavr/bin/../lib/gcc/avr/4.3.3/avr5\libgcc.a(_pack_sf.o)
 .debug_info    0x000017e8      0x251 c:/imt_sdk_win_64/winavr/bin/../lib/gcc/avr/4.3.3/avr5\libgcc.a(_unpack_sf.o)
 .debug_info    0x00001a39      0x210 c:/imt_sdk_win_64/winavr/bin/../lib/gcc/avr/4.3.3/avr5\libgcc.a(_fpcmp_parts_sf.o)
 *(.gnu.linkonce.wi.*)

.debug_abbrev   0x00000000      0xeeb
 *(.debug_abbrev)
 .debug_abbrev  0x00000000       0x5d c:/imt_sdk_win_64/winavr/bin/../lib/gcc/avr/4.3.3/avr5\libgcc.a(_fixunssfsi.o)
 .debug_abbrev  0x0000005d      0x1ea c:/imt_sdk_win_64/winavr/bin/../lib/gcc/avr/4.3.3/avr5\libgcc.a(_addsub_sf.o)
 .debug_abbrev  0x00000247      0x21b c:/imt_sdk_win_64/winavr/bin/../lib/gcc/avr/4.3.3/avr5\libgcc.a(_mul_sf.o)
 .debug_abbrev  0x00000462      0x15a c:/imt_sdk_win_64/winavr/bin/../lib/gcc/avr/4.3.3/avr5\libgcc.a(_gt_sf.o)
 .debug_abbrev  0x000005bc      0x15a c:/imt_sdk_win_64/winavr/bin/../lib/gcc/avr/4.3.3/avr5\libgcc.a(_ge_sf.o)
 .debug_abbrev  0x00000716      0x15a c:/imt_sdk_win_64/winavr/bin/../lib/gcc/avr/4.3.3/avr5\libgcc.a(_lt_sf.o)
 .debug_abbrev  0x00000870      0x17f c:/imt_sdk_win_64/winavr/bin/../lib/gcc/avr/4.3.3/avr5\libgcc.a(_sf_to_si.o)
 .debug_abbrev  0x000009ef       0xad c:/imt_sdk_win_64/winavr/bin/../lib/gcc/avr/4.3.3/avr5\libgcc.a(_thenan_sf.o)
 .debug_abbrev  0x00000a9c      0x1c0 c:/imt_sdk_win_64/winavr/bin/../lib/gcc/avr/4.3.3/avr5\libgcc.a(_pack_sf.o)
 .debug_abbrev  0x00000c5c      0x154 c:/imt_sdk_win_64/winavr/bin/../lib/gcc/avr/4.3.3/avr5\libgcc.a(_unpack_sf.o)
 .debug_abbrev  0x00000db0      0x13b c:/imt_sdk_win_64/winavr/bin/../lib/gcc/avr/4.3.3/avr5\libgcc.a(_fpcmp_parts_sf.o)

.debug_line     0x00000000      0xdad
 *(.debug_line)
 .debug_line    0x00000000       0xa7 c:/imt_sdk_win_64/winavr/bin/../lib/gcc/avr/4.3.3/avr5\libgcc.a(_fixunssfsi.o)
 .debug_line    0x000000a7      0x2af c:/imt_sdk_win_64/winavr/bin/../lib/gcc/avr/4.3.3/avr5\libgcc.a(_addsub_sf.o)
 .debug_line    0x00000356      0x239 c:/imt_sdk_win_64/winavr/bin/../lib/gcc/avr/4.3.3/avr5\libgcc.a(_mul_sf.o)
 .debug_line    0x0000058f       0xd3 c:/imt_sdk_win_64/winavr/bin/../lib/gcc/avr/4.3.3/avr5\libgcc.a(_gt_sf.o)
 .debug_line    0x00000662       0xd3 c:/imt_sdk_win_64/winavr/bin/../lib/gcc/avr/4.3.3/avr5\libgcc.a(_ge_sf.o)
 .debug_line    0x00000735       0xd3 c:/imt_sdk_win_64/winavr/bin/../lib/gcc/avr/4.3.3/avr5\libgcc.a(_lt_sf.o)
 .debug_line    0x00000808      0x109 c:/imt_sdk_win_64/winavr/bin/../lib/gcc/avr/4.3.3/avr5\libgcc.a(_sf_to_si.o)
 .debug_line    0x00000911       0x90 c:/imt_sdk_win_64/winavr/bin/../lib/gcc/avr/4.3.3/avr5\libgcc.a(_thenan_sf.o)
 .debug_line    0x000009a1      0x18a c:/imt_sdk_win_64/winavr/bin/../lib/gcc/avr/4.3.3/avr5\libgcc.a(_pack_sf.o)
 .debug_line    0x00000b2b      0x14b c:/imt_sdk_win_64/winavr/bin/../lib/gcc/avr/4.3.3/avr5\libgcc.a(_unpack_sf.o)
 .debug_line    0x00000c76      0x137 c:/imt_sdk_win_64/winavr/bin/../lib/gcc/avr/4.3.3/avr5\libgcc.a(_fpcmp_parts_sf.o)

.debug_frame    0x00000000      0x160
 *(.debug_frame)
 .debug_frame   0x00000000       0x20 c:/imt_sdk_win_64/winavr/bin/../lib/gcc/avr/4.3.3/avr5\libgcc.a(_fixunssfsi.o)
 .debug_frame   0x00000020       0x40 c:/imt_sdk_win_64/winavr/bin/../lib/gcc/avr/4.3.3/avr5\libgcc.a(_addsub_sf.o)
 .debug_frame   0x00000060       0x20 c:/imt_sdk_win_64/winavr/bin/../lib/gcc/avr/4.3.3/avr5\libgcc.a(_mul_sf.o)
 .debug_frame   0x00000080       0x20 c:/imt_sdk_win_64/winavr/bin/../lib/gcc/avr/4.3.3/avr5\libgcc.a(_gt_sf.o)
 .debug_frame   0x000000a0       0x20 c:/imt_sdk_win_64/winavr/bin/../lib/gcc/avr/4.3.3/avr5\libgcc.a(_ge_sf.o)
 .debug_frame   0x000000c0       0x20 c:/imt_sdk_win_64/winavr/bin/../lib/gcc/avr/4.3.3/avr5\libgcc.a(_lt_sf.o)
 .debug_frame   0x000000e0       0x20 c:/imt_sdk_win_64/winavr/bin/../lib/gcc/avr/4.3.3/avr5\libgcc.a(_sf_to_si.o)
 .debug_frame   0x00000100       0x20 c:/imt_sdk_win_64/winavr/bin/../lib/gcc/avr/4.3.3/avr5\libgcc.a(_pack_sf.o)
 .debug_frame   0x00000120       0x20 c:/imt_sdk_win_64/winavr/bin/../lib/gcc/avr/4.3.3/avr5\libgcc.a(_unpack_sf.o)
 .debug_frame   0x00000140       0x20 c:/imt_sdk_win_64/winavr/bin/../lib/gcc/avr/4.3.3/avr5\libgcc.a(_fpcmp_parts_sf.o)

.debug_str      0x00000000      0x28d
 *(.debug_str)
 .debug_str     0x00000000       0xbf c:/imt_sdk_win_64/winavr/bin/../lib/gcc/avr/4.3.3/avr5\libgcc.a(_fixunssfsi.o)
                                 0xfe (size before relaxing)
 .debug_str     0x000000bf      0x14d c:/imt_sdk_win_64/winavr/bin/../lib/gcc/avr/4.3.3/avr5\libgcc.a(_addsub_sf.o)
                                0x206 (size before relaxing)
 .debug_str     0x0000020c       0x27 c:/imt_sdk_win_64/winavr/bin/../lib/gcc/avr/4.3.3/avr5\libgcc.a(_mul_sf.o)
                                0x1bf (size before relaxing)
 .debug_str     0x00000233        0xf c:/imt_sdk_win_64/winavr/bin/../lib/gcc/avr/4.3.3/avr5\libgcc.a(_gt_sf.o)
                                0x195 (size before relaxing)
 .debug_str     0x00000242        0x8 c:/imt_sdk_win_64/winavr/bin/../lib/gcc/avr/4.3.3/avr5\libgcc.a(_ge_sf.o)
                                0x195 (size before relaxing)
 .debug_str     0x0000024a        0x8 c:/imt_sdk_win_64/winavr/bin/../lib/gcc/avr/4.3.3/avr5\libgcc.a(_lt_sf.o)
                                0x195 (size before relaxing)
 .debug_str     0x00000252        0xa c:/imt_sdk_win_64/winavr/bin/../lib/gcc/avr/4.3.3/avr5\libgcc.a(_sf_to_si.o)
                                0x19e (size before relaxing)
 .debug_str     0x00000000      0x103 c:/imt_sdk_win_64/winavr/bin/../lib/gcc/avr/4.3.3/avr5\libgcc.a(_thenan_sf.o)
 .debug_str     0x0000025c       0x16 c:/imt_sdk_win_64/winavr/bin/../lib/gcc/avr/4.3.3/avr5\libgcc.a(_pack_sf.o)
                                0x19d (size before relaxing)
 .debug_str     0x00000272        0xb c:/imt_sdk_win_64/winavr/bin/../lib/gcc/avr/4.3.3/avr5\libgcc.a(_unpack_sf.o)
                                0x17f (size before relaxing)
 .debug_str     0x0000027d       0x10 c:/imt_sdk_win_64/winavr/bin/../lib/gcc/avr/4.3.3/avr5\libgcc.a(_fpcmp_parts_sf.o)
                                0x163 (size before relaxing)

.debug_loc      0x00000000      0x7ce
 *(.debug_loc)
 .debug_loc     0x00000000       0x34 c:/imt_sdk_win_64/winavr/bin/../lib/gcc/avr/4.3.3/avr5\libgcc.a(_fixunssfsi.o)
 .debug_loc     0x00000034      0x32a c:/imt_sdk_win_64/winavr/bin/../lib/gcc/avr/4.3.3/avr5\libgcc.a(_addsub_sf.o)
 .debug_loc     0x0000035e      0x104 c:/imt_sdk_win_64/winavr/bin/../lib/gcc/avr/4.3.3/avr5\libgcc.a(_mul_sf.o)
 .debug_loc     0x00000462       0x3c c:/imt_sdk_win_64/winavr/bin/../lib/gcc/avr/4.3.3/avr5\libgcc.a(_gt_sf.o)
 .debug_loc     0x0000049e       0x3c c:/imt_sdk_win_64/winavr/bin/../lib/gcc/avr/4.3.3/avr5\libgcc.a(_ge_sf.o)
 .debug_loc     0x000004da       0x3c c:/imt_sdk_win_64/winavr/bin/../lib/gcc/avr/4.3.3/avr5\libgcc.a(_lt_sf.o)
 .debug_loc     0x00000516       0x7e c:/imt_sdk_win_64/winavr/bin/../lib/gcc/avr/4.3.3/avr5\libgcc.a(_sf_to_si.o)
 .debug_loc     0x00000594      0x13e c:/imt_sdk_win_64/winavr/bin/../lib/gcc/avr/4.3.3/avr5\libgcc.a(_pack_sf.o)
 .debug_loc     0x000006d2       0xac c:/imt_sdk_win_64/winavr/bin/../lib/gcc/avr/4.3.3/avr5\libgcc.a(_unpack_sf.o)
 .debug_loc     0x0000077e       0x50 c:/imt_sdk_win_64/winavr/bin/../lib/gcc/avr/4.3.3/avr5\libgcc.a(_fpcmp_parts_sf.o)

.debug_macinfo
 *(.debug_macinfo)
OUTPUT(MY_DRIVERS.elf elf32-avr)
LOAD linker stubs

.debug_ranges   0x00000000       0x50
 .debug_ranges  0x00000000       0x50 c:/imt_sdk_win_64/winavr/bin/../lib/gcc/avr/4.3.3/avr5\libgcc.a(_mul_sf.o)
